[Bootstrap]
SetupTitle=Instalar
SetupText=Copiando archivos, espere.
CabFile=Materiales.CAB
Spawn=Setup1.exe
Uninstal=st6unst.exe
TmpDir=msftqws.pdw
Cabs=1

[Bootstrap Files]
File1=@VB6STKIT.DLL,$(WinSysPathSysFile),,,7/28/98 12:00:00 AM,102912,6.0.81.69
File2=@COMCAT.DLL,$(WinSysPathSysFile),$(DLLSelfRegister),,6/1/98 12:00:00 AM,22288,4.71.1460.1
File3=@asycfilt.dll,$(WinSysPathSysFile),,,8/24/01 12:00:00 PM,77824,3.50.5014.0
File4=@olepro32.dll,$(WinSysPathSysFile),$(DLLSelfRegister),,8/24/01 12:00:00 PM,106496,5.0.5014.0
File5=@oleaut32.dll,$(WinSysPathSysFile),$(DLLSelfRegister),,8/24/01 12:00:00 PM,569344,3.50.5014.0
File6=@stdole2.tlb,$(WinSysPathSysFile),$(TLBRegister),,8/24/01 12:00:00 PM,17920,3.50.5014.0
File7=@msvbvm60.dll,$(WinSysPathSysFile),$(DLLSelfRegister),,8/24/01 12:00:00 PM,1388544,6.0.92.37
File8=@MSVCRT40.DLL,$(WinSysPathSysFile),,,6/1/98 12:00:00 AM,326656,4.21.0.0
File9=@VB6ES.DLL,$(WinSysPath),,$(Shared),7/28/98 12:00:00 AM,119568,5.0.81.69

[IconGroups]
Group0=SISMA
PrivateGroup0=true
Parent0=$(Programs)

[SISMA]
Icon1="Materiales.exe"
Title1=SISMA
StartIn1=$(AppPath)

[Setup]
Title=SISMA
DefaultDir=$(ProgramFiles)\SISMA MP
AppExe=Materiales.exe
AppToUninstall=Materiales.exe

[Setup1 Files]
File1=@MSXBSE35.DLL,$(WinSysPathSysFile),$(DLLSelfRegister),,4/25/98 12:00:00 AM,287504,3.51.623.0
File2=@MSTEXT35.DLL,$(WinSysPathSysFile),$(DLLSelfRegister),,4/25/98 12:00:00 AM,165648,3.51.623.0
File3=@MSPDOX35.DLL,$(WinSysPathSysFile),$(DLLSelfRegister),,4/25/98 12:00:00 AM,250128,3.51.623.0
File4=@RDO20ES.DLL,$(WinSysPath),,$(Shared),7/28/98 12:00:00 AM,66048,6.0.81.63
File5=@RDOCURS.DLL,$(WinSysPath),,$(Shared),4/3/00 5:52:54 PM,151552,6.0.88.4
File6=@MDAC_TYP.EXE,$(AppPath),,,8/7/98 12:00:00 AM,6477888,4.72.3110.0
File7=@MSRDO20.DLL,$(WinSysPath),$(DLLSelfRegister),$(Shared),5/11/00 1:06:20 PM,397312,6.0.88.62
File8=@MSLTUS35.DLL,$(WinSysPathSysFile),$(DLLSelfRegister),,4/25/98 12:00:00 AM,166160,3.51.623.0
File9=@MSEXCH35.DLL,$(WinSysPath),$(DLLSelfRegister),$(Shared),4/25/98 12:00:00 AM,330000,3.51.623.0
File10=@MSEXCL35.DLL,$(WinSysPathSysFile),$(DLLSelfRegister),,4/25/98 12:00:00 AM,250128,3.51.623.2
File11=@KewlButtonz.ocx,$(WinSysPath),$(DLLSelfRegister),$(Shared),11/29/05 4:56:04 AM,98304,1.0.0.0
File12=@HookMenu.ocx,$(WinSysPath),$(DLLSelfRegister),$(Shared),1/19/03 6:45:00 PM,143360,1.4.0.0
File13=@MCIES.DLL,$(WinSysPath),,$(Shared),7/28/98 12:00:00 AM,32256,6.0.81.63
File14=@MCI32.OCX,$(WinSysPath),$(DLLSelfRegister),$(Shared),6/24/98 12:00:00 AM,198456,6.0.81.69
File15=@MSMPIES.DLL,$(WinSysPath),,$(Shared),7/28/98 12:00:00 AM,23040,6.0.81.63
File16=@MSMAPI32.OCX,$(WinSysPath),$(DLLSelfRegister),$(Shared),6/24/98 12:00:00 AM,137000,6.0.81.69
File17=@ADODCES.DLL,$(WinSysPath),,$(Shared),7/28/98 12:00:00 AM,15872,6.0.81.63
File18=@MSSTDFMT.DLL,$(WinSysPath),$(DLLSelfRegister),$(Shared),5/24/00 6:45:58 AM,118784,6.0.84.50
File19=@MSADODC.OCX,$(WinSysPath),$(DLLSelfRegister),$(Shared),6/24/98 12:00:00 AM,118064,6.0.81.71
File20=@FLXGDES.DLL,$(WinSysPath),,$(Shared),7/28/98 12:00:00 AM,40448,6.0.81.63
File21=@MSFLXGRD.OCX,$(WinSysPath),$(DLLSelfRegister),$(Shared),6/24/98 12:00:00 AM,244024,6.0.81.69
File22=@MSCMCES.DLL,$(WinSysPath),,$(Shared),7/28/98 12:00:00 AM,140800,6.0.81.63
File23=@MSCOMCTL.OCX,$(WinSysPath),$(DLLSelfRegister),$(Shared),12/20/02 2:02:44 PM,1077336,6.1.95.45
File24=@CMCT3ES.DLL,$(WinSysPath),$(DLLSelfRegister),$(Shared),7/28/98 12:00:00 AM,28672,6.0.0.8163
File25=@COMCT332.OCX,$(WinSysPath),$(DLLSelfRegister),$(Shared),6/24/98 12:00:00 AM,369696,6.0.0.8169
File26=@MSCC2ES.DLL,$(WinSysPath),,$(Shared),7/28/98 12:00:00 AM,60928,6.0.81.63
File27=@MSCOMCT2.OCX,$(WinSysPath),$(DLLSelfRegister),$(Shared),6/26/98 12:00:00 AM,644400,6.0.81.77
File28=@GRID32.OCX,$(AppPath),,,10/16/95 12:00:00 AM,89600,4.0.24.15
File29=@MSMSKES.DLL,$(WinSysPath),,$(Shared),7/28/98 12:00:00 AM,20480,6.0.81.63
File30=@MSMASK32.OCX,$(WinSysPath),$(DLLSelfRegister),$(Shared),6/24/98 12:00:00 AM,166200,6.0.81.69
File31=@mfc40loc.dll,$(WinSysPathSysFile),,,8/24/01 12:00:00 PM,44032,4.1.0.6140
File32=@MFC40.DLL,$(WinSysPath),$(DLLSelfRegister),$(Shared),4/25/98 12:00:00 AM,921872,4.1.0.6038
File33=@THREED32.OCX,$(WinSysPath),$(DLLSelfRegister),$(Shared),10/16/95 12:00:00 AM,200704,1.0.41.0
File34=@u3520es.dll,$(WinSysPath),,$(Shared),1/4/00 4:52:26 AM,20480,8.0.0.0
File35=@u252000.dll,$(WinSysPath),,$(Shared),3/1/00 3:34:24 AM,24576,8.0.0.0
File36=@u3ls1es.dll,$(WinSysPath),,$(Shared),1/4/00 4:52:26 AM,20480,8.0.0.1
File37=@u2lsamp1.dll,$(WinSysPath),,$(Shared),3/1/00 3:34:24 AM,24576,8.0.0.1
File38=@u2ldts.dll,$(WinSysPath),,$(Shared),3/1/00 3:34:24 AM,24576,8.0.0.0
File39=@u2lcom.dll,$(WinSysPath),,$(Shared),3/1/00 3:34:24 AM,45056,8.0.0.0
File40=@u3l20es.dll,$(WinSysPath),,$(Shared),1/4/00 4:52:26 AM,20480,8.0.0.0
File41=@u2l2000.dll,$(WinSysPath),,$(Shared),3/1/00 3:34:24 AM,24576,8.0.0.0
File42=@u25dts.dll,$(WinSysPath),,$(Shared),3/1/00 3:34:24 AM,24576,8.0.0.0
File43=@x3fxles.dll,$(WinSysPath),,$(Shared),2/14/00 1:52:24 AM,24576,8.0.0.25
File44=@u2fxls.dll,$(WinSysPath),,$(Shared),3/1/00 3:34:24 AM,208896,8.0.0.25
File45=@x3fwdes.dll,$(WinSysPath),,$(Shared),2/14/00 1:52:22 AM,20480,8.0.100.4
File46=@u2fwordw.dll,$(WinSysPath),,$(Shared),3/1/00 3:34:24 AM,106496,8.0.100.4
File47=@x3fwkes.dll,$(WinSysPath),,$(Shared),1/5/00 4:06:58 AM,20480,8.0.0.4
File48=@u2fwks.dll,$(WinSysPath),,$(Shared),3/1/00 3:34:24 AM,40960,8.0.0.4
File49=@x3ftxes.dll,$(WinSysPath),,$(Shared),1/7/00 6:26:54 AM,20480,8.0.0.1
File50=@u2ftext.dll,$(WinSysPath),,$(Shared),3/1/00 3:34:24 AM,81920,8.0.0.1
File51=@x3fsves.dll,$(WinSysPath),,$(Shared),1/5/00 4:06:58 AM,20480,8.0.0.8
File52=@u2fsepv.dll,$(WinSysPath),,$(Shared),3/1/00 3:34:24 AM,36864,8.0.0.8
File53=@x3frtes.dll,$(WinSysPath),,$(Shared),2/14/00 1:52:22 AM,20480,8.0.0.33
File54=@u2frtf.dll,$(WinSysPath),,$(Shared),3/1/00 3:34:24 AM,122880,8.0.0.33
File55=@x3frces.dll,$(WinSysPath),,$(Shared),1/4/00 4:50:56 AM,20480,8.0.0.0
File56=@u2frec.dll,$(WinSysPath),,$(Shared),3/1/00 3:34:24 AM,36864,8.0.0.0
File57=@x3fodes.dll,$(WinSysPath),,$(Shared),1/4/00 4:50:56 AM,20480,8.0.0.2
File58=@u2fodbc.dll,$(WinSysPath),,$(Shared),3/1/00 3:34:24 AM,49152,8.0.0.2
File59=@x3fhtes.dll,$(WinSysPath),,$(Shared),2/14/00 1:52:22 AM,24576,8.0.0.13
File60=@u2fhtml.dll,$(WinSysPath),,$(Shared),3/1/00 3:34:24 AM,32768,8.0.0.13
File61=@x3fcres.dll,$(WinSysPath),,$(Shared),1/4/00 4:50:54 AM,20480,8.0.0.1
File62=@u2fcr.dll,$(WinSysPath),,$(Shared),3/1/00 3:34:24 AM,28672,8.0.0.1
File63=@x3dapes.dll,$(WinSysPath),,$(Shared),3/10/00 12:59:56 AM,20480,8.0.0.0
File64=@u2dapp.dll,$(WinSysPath),,$(Shared),3/1/00 3:34:22 AM,28672,8.0.0.0
File65=@x3dvmes.dll,$(WinSysPath),,$(Shared),1/4/00 4:50:54 AM,24576,8.0.0.0
File66=@u2dvim.dll,$(WinSysPath),,$(Shared),3/1/00 3:34:24 AM,57344,8.0.0.0
File67=@x3dptes.dll,$(WinSysPath),,$(Shared),1/7/00 6:26:54 AM,24576,8.0.0.0
File68=@u2dpost.dll,$(WinSysPath),,$(Shared),3/1/00 3:34:24 AM,49152,8.0.0.0
File69=@x3dntes.dll,$(WinSysPath),,$(Shared),2/14/00 1:52:22 AM,20480,8.0.0.8
File70=@u2dnotes.dll,$(WinSysPath),,$(Shared),3/1/00 3:34:24 AM,53248,8.0.0.8
File71=@x3dmpes.dll,$(WinSysPath),,$(Shared),1/4/00 4:50:54 AM,20480,8.0.0.0
File72=@u2dmapi.dll,$(WinSysPath),,$(Shared),3/1/00 3:34:24 AM,40960,8.0.0.0
File73=@x3ddkes.dll,$(WinSysPath),,$(Shared),1/4/00 4:50:54 AM,20480,8.0.0.0
File74=@u2ddisk.dll,$(WinSysPath),,$(Shared),3/1/00 3:34:24 AM,28672,8.0.0.0
File75=@p3soles.dll,$(WinSysPath),,$(Shared),3/3/00 7:52:24 AM,45056,8.0.0.24
File76=@p2soledb.dll,$(WinSysPath),,$(Shared),3/1/00 3:34:26 AM,196608,8.0.0.24
File77=@p2ssyb10.dll,$(WinSysPath),,$(Shared),3/1/00 3:34:26 AM,155648,8.0.0.10
File78=@p3ssqes.dll,$(WinSysPath),,$(Shared),3/3/00 7:52:26 AM,40960,8.0.0.21
File79=@p2ssql.dll,$(WinSysPath),,$(Shared),3/1/00 3:34:26 AM,163904,8.0.0.21
File80=@p3so7es.dll,$(WinSysPath),,$(Shared),3/10/00 1:00:06 AM,40960,8.0.0.15
File81=@p2sora7.dll,$(WinSysPath),,$(Shared),3/1/00 3:34:26 AM,167936,8.0.0.15
File82=@p3sodes.dll,$(WinSysPath),,$(Shared),3/3/00 7:52:24 AM,36864,8.0.0.84
File83=@p2sodbc.dll,$(WinSysPath),,$(Shared),3/1/00 3:34:26 AM,270336,8.0.0.84
File84=@p3smnes.dll,$(WinSysPath),,$(Shared),3/3/00 7:52:26 AM,36864,8.0.0.15
File85=@P2smon.dll,$(WinSysPath),,$(Shared),3/1/00 3:34:26 AM,147456,8.0.0.15
File86=@p3sifes.dll,$(WinSysPath),,$(Shared),3/3/00 7:52:24 AM,40960,8.0.0.16
File87=@p2sifmx.dll,$(WinSysPath),,$(Shared),3/1/00 3:34:26 AM,163840,8.0.0.16
File88=@p3rdoes.dll,$(WinSysPath),,$(Shared),1/5/00 4:07:06 AM,24576,8.0.0.5
File89=@p2irdao.dll,$(WinSysPath),,$(Shared),3/1/00 3:34:24 AM,61440,8.0.0.5
File90=@p3tdoes.dll,$(WinSysPath),,$(Shared),1/4/00 4:52:28 AM,20480,8.0.0.3
File91=@p2ctdao.dll,$(WinSysPath),,$(Shared),3/1/00 3:34:24 AM,53248,8.0.0.4
File92=@p3dxbes.dll,$(WinSysPath),,$(Shared),1/4/00 4:52:30 AM,28672,8.0.0.0
File93=@p2bxbse.dll,$(WinSysPath),,$(Shared),3/1/00 3:34:24 AM,212992,8.0.0.0
File94=@p3ddoes.dll,$(WinSysPath),,$(Shared),1/5/00 4:07:06 AM,24576,8.0.0.4
File95=@p2bdao.dll,$(WinSysPath),,$(Shared),3/1/00 3:34:24 AM,94208,8.0.0.4
File96=@p3dbdes.dll,$(WinSysPath),,$(Shared),1/5/00 4:07:04 AM,4096,8.0.0.1
File97=@P2bbnd.dll,$(WinSysPath),,$(Shared),3/1/00 3:34:24 AM,23040,8.0.0.1
File98=@crpe32_res_es.dll,$(WinSysPath),,$(Shared),3/14/00 1:41:04 AM,745472,8.0.0.371
File99=@Crxlat32.dll,$(WinSysPath),,$(Shared),3/15/00 2:37:24 AM,24576,8.0.0.0
File100=@mfc42.dll,$(WinSysPath),$(DLLSelfRegister),$(Shared),8/24/01 12:00:00 PM,995383,6.0.8665.0
File101=@msvcrt.dll,$(WinSysPath),,$(Shared),8/24/01 12:00:00 PM,322560,7.0.2600.0
File102=@Crpaig80.dll,$(WinSysPath),,$(Shared),2/14/00 10:20:40 AM,618496,8.0.1.1
File103=@Implode.dll,$(AppPath),,,12/7/99 1:31:22 AM,17920,0.0.0.0
File104=@crpe32.dll,$(WinSysPath),,$(Shared),1/28/00 9:16:44 AM,5337088,8.0.0.371
File105=@Crystl32.OCX,$(WinSysPath),$(DLLSelfRegister),$(Shared),3/10/00 9:00:14 AM,853468,8.0.0.4
File106=@DBGRDES.DLL,$(WinSysPath),,$(Shared),7/28/98 12:00:00 AM,34304,1.0.0.126
File107=@DBGRID32.OCX,$(WinSysPath),$(DLLSelfRegister),$(Shared),8/7/98 12:00:00 AM,525352,5.1.81.4
File108=@DBLSTES.DLL,$(WinSysPath),,$(Shared),7/28/98 12:00:00 AM,30720,6.0.81.63
File109=@DBLIST32.OCX,$(WinSysPath),$(DLLSelfRegister),$(Shared),6/24/98 12:00:00 AM,200496,6.0.81.69
File110=@CMCTLES.DLL,$(WinSysPath),,$(Shared),7/28/98 12:00:00 AM,100352,6.0.80.22
File111=@comctl32.ocx,$(WinSysPath),$(DLLSelfRegister),$(Shared),5/22/00 5:58:00 PM,608448,6.0.81.5
File112=@RCHTXES.DLL,$(WinSysPath),,$(Shared),7/28/98 12:00:00 AM,34816,6.0.81.63
File113=@RICHED32.DLL,$(WinSysPathSysFile),,,5/8/98 12:00:00 AM,174352,4.0.993.4
File114=@RICHTX32.OCX,$(WinSysPath),$(DLLSelfRegister),$(Shared),6/24/98 12:00:00 AM,203576,6.0.81.69
File115=@TABCTES.DLL,$(WinSysPath),,$(Shared),7/28/98 12:00:00 AM,21504,6.0.81.63
File116=@TABCTL32.OCX,$(WinSysPath),$(DLLSelfRegister),$(Shared),6/24/98 12:00:00 AM,209192,6.0.81.69
File117=@CMDLGES.DLL,$(WinSysPath),,$(Shared),7/28/98 12:00:00 AM,33280,6.0.81.63
File118=@Comdlg32.ocx,$(WinSysPath),$(DLLSelfRegister),$(Shared),5/6/99 5:00:00 PM,140288,6.0.84.18
File119=@ToolTip_Ex.dll,$(WinSysPath),$(DLLSelfRegister),$(Shared),2/15/06 2:06:48 PM,65536,1.0.0.0
File120=@wmp.ocx,$(WinSysPath),$(DLLSelfRegister),$(Shared),8/24/01 12:00:00 PM,188416,8.0.0.4477
File121=@MSBIND.DLL,$(WinSysPath),$(DLLSelfRegister),$(Shared),6/18/98 12:00:00 AM,77824,6.0.81.69
File122=@msado26.tlb,$(WinSysPath),$(DLLSelfRegister),$(Shared),8/24/01 2:00:00 PM,81920,2.70.7713.0
File123=@VB5DB.DLL,$(WinSysPath),,$(Shared),6/18/98 12:00:00 AM,89360,6.0.81.69
File124=@MSREPL35.DLL,$(WinSysPathSysFile),,,4/25/98 12:00:00 AM,407312,3.51.623.0
File125=@MSRD2X35.DLL,$(WinSysPathSysFile),$(DLLSelfRegister),,4/25/98 12:00:00 AM,252176,3.51.623.0
File126=@expsrv.dll,$(WinSysPathSysFile),,,8/24/01 12:00:00 PM,379152,6.0.0.8540
File127=@vbajet32.dll,$(WinSysPathSysFile),,,8/24/01 12:00:00 PM,30992,6.0.1.8268
File128=@MSJINT35.DLL,$(WinSysPathSysFile),,,7/8/98 12:00:00 AM,146192,3.51.623.0
File129=@MSJTER35.DLL,$(WinSysPathSysFile),,,4/25/98 12:00:00 AM,24848,3.51.623.0
File130=@MSJET35.DLL,$(WinSysPathSysFile),$(DLLSelfRegister),,4/25/98 12:00:00 AM,1045776,3.51.623.4
File131=@DAO350.DLL,$(MSDAOPath),$(DLLSelfRegister),$(Shared),4/28/98 12:00:00 AM,570128,3.51.1608.0
File132=@Materiales.exe,$(AppPath),,,9/16/06 12:23:52 PM,6541312,2.3.0.255

; Puede eliminar las siguientes líneas para obtener espacio adicional 
; con el fin de personalizar este archivo en un disco de instalación completa.
; 
; XXXXXXXXXXXXXXXXXXXXXXXXXXXXXXXXXXXXXXXXXXXXXXXXXXXXXXXXXXXX
; XXXXXXXXXXXXXXXXXXXXXXXXXXXXXXXXXXXXXXXXXXXXXXXXXXXXXXXXXXXX
; XXXXXXXXXXXXXXXXXXXXXXXXXXXXXXXXXXXXXXXXXXXXXXXXXXXXXXXXXXXX
; XXXXXXXXXXXXXXXXXXXXXXXXXXXXXXXXXXXXXXXXXXXXXXXXXXXXXXXXXXXX
; XXXXXXXXXXXXXXXXXXXXXXXXXXXXXXXXXXXXXXXXXXXXXXXXXXXXXXXXXXXX
; XXXXXXXXXXXXXXXXXXXXXXXXXXXXXXXXXXXXXXXXXXXXXXXXXXXXXXXXXXXX
; XXXXXXXXXXXXXXXXXXXXXXXXXXXXXXXXXXXXXXXXXXXXXXXXXXXXXXXXXXXX
; XXXXXXXXXXXXXXXXXXXXXXXXXXXXXXXXXXXXXXXXXXXXXXXXXXXXXXXXXXXX
; XXXXXXXXXXXXXXXXXXXXXXXXXXXXXXXXXXXXXXXXXXXXXXXXXXXXXXXXXXXX
; XXXXXXXXXXXXXXXXXXXXXXXXXXXXXXXXXXXXXXXXXXXXXXXXXXXXXXXXXXXX
; XXXXXXXXXXXXXXXXXXXXXXXXXXXXXXXXXXXXXXXXXXXXXXXXXXXXXXXXXXXX
; XXXXXXXXXXXXXXXXXXXXXXXXXXXXXXXXXXXXXXXXXXXXXXXXXXXXXXXXXXXX
; XXXXXXXXXXXXXXXXXXXXXXXXXXXXXXXXXXXXXXXXXXXXXXXXXXXXXXXXXXXX
; XXXXXXXXXXXXXXXXXXXXXXXXXXXXXXXXXXXXXXXXXXXXXXXXXXXXXXXXXXXX
; XXXXXXXXXXXXXXXXXXXXXXXXXXXXXXXXXXXXXXXXXXXXXXXXXXXXXXXXXXXX
; XXXXXXXXXXXXXXXXXXXXXXXXXXXXXXXXXXXXXXXXXXXXXXXXXXXXXXXXXXXX
; XXXXXXXXXXXXXXXXXXXXXXXXXXXXXXXXXXXXXXXXXXXXXXXXXXXXXXXXXXXX
; XXXXXXXXXXXXXXXXXXXXXXXXXXXXXXXXXXXXXXXXXXXXXXXXXXXXXXXXXXXX
; XXXXXXXXXXXXXXXXXXXXXXXXXXXXXXXXXXXXXXXXXXXXXXXXXXXXXXXXXXXX
; XXXXXXXXXXXXXXXXXXXXXXXXXXXXXXXXXXXXXXXXXXXXXXXXXXXXXXXXXXXX
; XXXXXXXXXXXXXXXXXXXXXXXXXXXXXXXXXXXXXXXXXXXXXXXXXXXXXXXXXXXX
; XXXXXXXXXXXXXXXXXXXXXXXXXXXXXXXXXXXXXXXXXXXXXXXXXXXXXXXXXXXX
; XXXXXXXXXXXXXXXXXXXXXXXXXXXXXXXXXXXXXXXXXXXXXXXXXXXXXXXXXXXX
; XXXXXXXXXXXXXXXXXXXXXXXXXXXXXXXXXXXXXXXXXXXXXXXXXXXXXXXXXXXX
; XXXXXXXXXXXXXXXXXXXXXXXXXXXXXXXXXXXXXXXXXXXXXXXXXXXXXXXXXXXX
; XXXXXXXXXXXXXXXXXXXXXXXXXXXXXXXXXXXXXXXXXXXXXXXXXXXXXXXXXXXX
; XXXXXXXXXXXXXXXXXXXXXXXXXXXXXXXXXXXXXXXXXXXXXXXXXXXXXXXXXXXX
; XXXXXXXXXXXXXXXXXXXXXXXXXXXXXXXXXXXXXXXXXXXXXXXXXXXXXXXXXXXX
; XXXXXXXXXXXXXXXXXXXXXXXXXXXXXXXXXXXXXXXXXXXXXXXXXXXXXXXXXXXX
; XXXXXXXXXXXXXXXXXXXXXXXXXXXXXXXXXXXXXXXXXXXXXXXXXXXXXXXXXXXX
; XXXXXXXXXXXXXXXXXXXXXXXXXXXXXXXXXXXXXXXXXXXXXXXXXXXXXXXXXXXX
; XXXXXXXXXXXXXXXXXXXXXXXXXXXXXXXXXXXXXXXXXXXXXXXXXXXXXXXXXXXX
; XXXXXXXXXXXXXXXXXXXXXXXXXXXXXXXXXXXXXXXXXXXXXXXXXXXXXXXXXXXX
; XXXXXXXXXXXXXXXXXXXXXXXXXXXXXXXXXXXXXXXXXXXXXXXXXXXXXXXXXXXX
; XXXXXXXXXXXXXXXXXXXXXXXXXXXXXXXXXXXXXXXXXXXXXXXXXXXXXXXXXXXX
